// Jest Snapshot v1, https://goo.gl/fbAQLP

exports[`Render Movie Page Overview 1`] = `
Array [
  <div
    className="movie-rating"
  >
    <div
      className="movie-rating__score"
    >
      5,0
    </div>
    <p
      className="movie-rating__meta"
    >
      <span
        className="movie-rating__level"
      >
        Good
      </span>
      <span
        className="movie-rating__count"
      >
        2
         ratings
      </span>
    </p>
  </div>,
  <div
    className="movie-card__text"
  >
    <p>
      Damn good film
    </p>
    <p
      className="movie-card__director"
    >
      <strong>
        Director: 
        Some Director
      </strong>
    </p>
    <p
      className="movie-card__starring"
    >
      <strong>
        Starring: 
        Actor One, Actor Two
         and other
      </strong>
    </p>
  </div>,
]
`;
