// Jest Snapshot v1, https://goo.gl/fbAQLP

exports[`Should render GenresList component correctly 1`] = `
<ul
  className="catalog__genres-list"
>
  <li
    className="catalog__genres-item "
    onClick={[Function]}
  >
    <a
      className="catalog__genres-link"
      href="#"
    >
      All genres
    </a>
  </li>
  <li
    className="catalog__genres-item
            catalog__genres-item--active"
    onClick={[Function]}
  >
    <a
      className="catalog__genres-link"
      href="#"
    >
      comedy
    </a>
  </li>
  <li
    className="catalog__genres-item
            "
    onClick={[Function]}
  >
    <a
      className="catalog__genres-link"
      href="#"
    >
      drama
    </a>
  </li>
</ul>
`;
