// Jest Snapshot v1, https://goo.gl/fbAQLP

exports[`Should Movie Card component render correctly 1`] = `
<article
  className="small-movie-card catalog__movies-card"
  onMouseEnter={[Function]}
  onMouseOut={[Function]}
>
  <a
    className="small-movie-card__image"
    href="/123"
    onClick={[Function]}
  />
  <h3
    className="small-movie-card__title"
  >
    <a
      className="small-movie-card__link"
      href="/123"
      onClick={[Function]}
    >
      Some Film
    </a>
  </h3>
</article>
`;
